// Jest Snapshot v1, https://goo.gl/fbAQLP

exports[`pre login panel component test should render pre login panel component 1`] = `
<DocumentFragment>
  .c3 {
  -webkit-transform: rotate(45deg);
  -ms-transform: rotate(45deg);
  transform: rotate(45deg);
  font-size: 48px;
  color: var(--white);
}

.c2 {
  text-align: center;
  margin-top: 15px;
  width: 83px;
  height: 83px;
  border: 3px solid var(--white);
  background-color: var(--black);
  -webkit-transform: rotate(45deg);
  -ms-transform: rotate(45deg);
  transform: rotate(45deg);
}

.c4 {
  color: var(--white);
  background-color: var(--black);
  font-size: 48px;
}

.c6 {
  width: 10%;
  background: var(--white);
}

.c5 {
  color: var(--white);
  background-color: var(--black);
}

.c0 {
  height: 100vh;
  background-color: var(--atomic);
}

.c1 {
  height: calc(100% / 3);
}

<div
    class="c0 d-sm-block d-xs-block d-md-none undefined container"
    data-testid="officeInfo"
    theme="dark"
  >
    <div
      class="c1 row"
    >
      <div
        class="m-auto col"
      >
        <div
          data-testid="peerlyLogoComponent"
        >
          <div
            class="c2 mx-auto"
            data-testid="Logo"
          >
            <div
              class="c3"
              data-testid="plusSignText"
              font-size="48px"
            >
              +
            </div>
          </div>
        </div>
        <div
          class="text-center"
        >
          <div
            class="c4"
            data-testid="PeerlyTextComponents"
            font-size="48px"
          >
            Peerly
          </div>
        </div>
      </div>
    </div>
    <div
      class="c1 overflow-hidden row"
    >
      <div
        class="p-0 col"
      >
        <img
          alt="login image"
          class="img-fluid img-fluid"
          src="/assets/images//cat-mobile-img.png"
        />
      </div>
    </div>
    <div
      class="c1 row"
    >
      <div
        class="m-auto col"
      >
        <div
          class="c5 text-center undefined"
          data-testid="info"
        >
          <h3>
            Lets Create the Office Positive
          </h3>
          <hr
            class="c6"
            data-testid="hrLine"
          />
          <h6>
            thought
          </h6>
        </div>
      </div>
    </div>
  </div>
</DocumentFragment>
`;
