// Jest Snapshot v1, https://goo.gl/fbAQLP

exports[`Recognition list Component test should equal snapshot 1`] = `
<DocumentFragment>
  .c0 {
  border: 1px solid lightgrey;
  background: #ffffff 0% 0% no-repeat padding-box;
  border-radius: 36px;
  opacity: 1;
}

<div
    class="c0"
  />
</DocumentFragment>
`;
